[o4-mini curve r1] correct=fouis probe_acc=0.20 argmax=['fouis', 'ivuia', 'ivuia', 'ivuia', 'ivuia']
[o4-mini curve r2] correct=pzccb probe_acc=1.00 argmax=['pzccb', 'pzccb', 'pzccb', 'pzccb', 'pzccb']
[o4-mini curve r3] correct=fttbz probe_acc=0.80 argmax=['fttbz', 'iqtct', 'fttbz', 'fttbz', 'fttbz']
[o4-mini curve r4] correct=psbrj probe_acc=0.20 argmax=['psbrj', 'ieuim', 'ieuim', 'ieuim', 'ieuim']
[o4-mini curve r5] correct=mpyfu probe_acc=0.00 argmax=['raezz', 'raezz', 'raezz', 'raezz', 'raezz']
[o4-mini curve r6] correct=mjriu probe_acc=0.80 argmax=['mjriu', 'oznwj', 'mjriu', 'mjriu', 'mjriu']
[o4-mini curve r7] correct=hggkd probe_acc=1.00 argmax=['hggkd', 'hggkd', 'hggkd', 'hggkd', 'hggkd']
[o4-mini curve r8] correct=ooeff probe_acc=0.20 argmax=['ooeff', 'cvqmd', 'eaprl', 'cvqmd', 'cvqmd']
[o4-mini curve r9] correct=agxwg probe_acc=0.40 argmax=['agxwg', 'cpciv', 'agxwg', 'cpciv', 'ctasz']
[o4-mini curve r10] correct=cwjsq probe_acc=0.00 argmax=['saxkl', 'saxkl', 'saxkl', 'saxkl', 'saxkl']
[o4-mini curve r11] correct=ljrdu probe_acc=0.20 argmax=['ljrdu', 'hpquf', 'hpquf', 'hpquf', 'hpquf']
[o4-mini curve r12] correct=blrey probe_acc=0.80 argmax=['blrey', 'blrey', 'dhhkz', 'blrey', 'blrey']
[o4-mini curve r13] correct=bwfty probe_acc=0.60 argmax=['bwfty', 'herbv', 'bwfty', 'herbv', 'bwfty']
[o4-mini curve r14] correct=cssei probe_acc=0.40 argmax=['cssei', 'evkae', 'evkae', 'cssei', 'evkae']
[o4-mini curve r15] correct=goteg probe_acc=0.00 argmax=['csbri', 'csbri', 'csbri', 'csbri', 'csbri']
[o4-mini curve r16] correct=hlpof probe_acc=0.80 argmax=['hlpof', 'gaimt', 'hlpof', 'hlpof', 'hlpof']
[o4-mini curve r17] correct=dzgum probe_acc=1.00 argmax=['dzgum', 'dzgum', 'dzgum', 'dzgum', 'dzgum']
[o4-mini curve r18] correct=gwhah probe_acc=0.60 argmax=['gwhah', 'feeiw', 'gwhah', 'feeiw', 'gwhah']
[o4-mini curve r19] correct=bpcgh probe_acc=0.20 argmax=['bpcgh', 'etiob', 'etiob', 'etiob', 'etiob']
[o4-mini curve r20] correct=dqnnu probe_acc=0.00 argmax=['dqdtu', 'dqdtu', 'dqdtu', 'dqdtu', 'dqdtu']
[o4-mini curve r1] correct=euktf probe_acc=0.20 argmax=['euktf', 'apeaz', 'apeaz', 'apeaz', 'apeaz']
[o4-mini curve r2] correct=fcabt probe_acc=1.00 argmax=['fcabt', 'fcabt', 'fcabt', 'fcabt', 'fcabt']
[o4-mini curve r3] correct=itebt probe_acc=0.80 argmax=['itebt', 'lyqsu', 'itebt', 'itebt', 'itebt']
[o4-mini curve r4] correct=jlbra probe_acc=0.80 argmax=['jlbra', 'hccqg', 'jlbra', 'jlbra', 'jlbra']
[o4-mini curve r5] correct=cknzw probe_acc=0.00 argmax=['gxdql', 'gxdql', 'gxdql', 'gxdql', 'gxdql']
[o4-mini curve r6] correct=jxfhg probe_acc=0.20 argmax=['jxfhg', 'efhnp', 'efhnp', 'efhnp', 'efhnp']
[o4-mini curve r7] correct=muizb probe_acc=1.00 argmax=['muizb', 'muizb', 'muizb', 'muizb', 'muizb']
[o4-mini curve r8] correct=mbcdw probe_acc=0.20 argmax=['mbcdw', 'hpjgx', 'hpjgx', 'hpjgx', 'hpjgx']
[o4-mini curve r9] correct=imqwf probe_acc=0.60 argmax=['imqwf', 'giosf', 'imqwf', 'imqwf', 'giosf']
[o4-mini curve r10] correct=bqzza probe_acc=0.00 argmax=['ayoss', 'ayoss', 'ayoss', 'ayoss', 'ayoss']
[o4-mini curve r11] correct=ctcow probe_acc=0.60 argmax=['ctcow', 'oqoma', 'ctcow', 'jlslu', 'ctcow']
[o4-mini curve r12] correct=dsooz probe_acc=1.00 argmax=['dsooz', 'dsooz', 'dsooz', 'dsooz', 'dsooz']
[o4-mini curve r13] correct=nvlzl probe_acc=0.40 argmax=['nvlzl', 'mvrkk', 'nvlzl', 'mvrkk', 'mvrkk']
[o4-mini curve r14] correct=dvahv probe_acc=0.40 argmax=['dvahv', 'eizoe', 'eizoe', 'eyrzz', 'dvahv']
[o4-mini curve r15] correct=ngieo probe_acc=0.00 argmax=['mbbdh', 'mbbdh', 'mbbdh', 'mbbdh', 'mbbdh']
[o4-mini curve r16] correct=dthug probe_acc=0.20 argmax=['dthug', 'acyyr', 'acyyr', 'acyyr', 'acyyr']
[o4-mini curve r17] correct=egjvz probe_acc=1.00 argmax=['egjvz', 'egjvz', 'egjvz', 'egjvz', 'egjvz']
[o4-mini curve r18] correct=goese probe_acc=0.60 argmax=['goese', 'pmqwp', 'pmqwp', 'goese', 'goese']
[o4-mini curve r19] correct=hweog probe_acc=0.80 argmax=['hweog', 'eukuw', 'hweog', 'hweog', 'hweog']
[o4-mini curve r20] correct=bjyid probe_acc=0.00 argmax=['bwqev', 'bwqev', 'bwqev', 'bwqev', 'bwqev']
API_O4_DONE
