[o4-mini curve r1] correct=rknca probe_acc=0.40 argmax=['rknca', 'fpqou', 'fpqou', 'fpqou', 'rknca']
[o4-mini curve r2] correct=kanuc probe_acc=0.80 argmax=['kanuc', 'fgukt', 'kanuc', 'kanuc', 'kanuc']
[o4-mini curve r3] correct=oznvm probe_acc=0.20 argmax=['oznvm', 'dqyyy', 'dqyyy', 'dqyyy', 'dqyyy']
[o4-mini curve r4] correct=mgbsv probe_acc=0.80 argmax=['mgbsv', 'pxzma', 'mgbsv', 'mgbsv', 'mgbsv']
[o4-mini curve r5] correct=bkokg probe_acc=0.80 argmax=['bkokg', 'gpvpk', 'bkokg', 'bkokg', 'bkokg']
[o4-mini curve r6] correct=gphay probe_acc=0.80 argmax=['gphay', 'kmita', 'gphay', 'gphay', 'gphay']
[o4-mini curve r7] correct=bqxef probe_acc=0.60 argmax=['bqxef', 'hzguz', 'bqxef', 'bqxef', 'hzguz']
[o4-mini curve r8] correct=gblpi probe_acc=0.80 argmax=['gblpi', 'aqavs', 'gblpi', 'gblpi', 'gblpi']
[o4-mini curve r9] correct=lphsc probe_acc=0.40 argmax=['lphsc', 'foaua', 'foaua', 'lphsc', 'foaua']
[o4-mini curve r10] correct=ctbzw probe_acc=0.80 argmax=['ctbzw', 'bosrw', 'ctbzw', 'ctbzw', 'ctbzw']
[o4-mini curve r11] correct=rfjih probe_acc=0.20 argmax=['rfjih', 'pqozz', 'pqozz', 'pqozz', 'pqozz']
[o4-mini curve r12] correct=euxgs probe_acc=0.60 argmax=['euxgs', 'oekot', 'euxgs', 'oekot', 'euxgs']
[o4-mini curve r13] correct=loutd probe_acc=0.40 argmax=['loutd', 'mktcs', 'mktcs', 'loutd', 'mktcs']
[o4-mini curve r14] correct=nkoaj probe_acc=0.40 argmax=['nkoaj', 'fzumj', 'fzumj', 'fzumj', 'nkoaj']
[o4-mini curve r15] correct=bmtxg probe_acc=0.40 argmax=['bmtxg', 'hfngq', 'hfngq', 'hfngq', 'bmtxg']
[o4-mini curve r16] correct=ppchb probe_acc=0.80 argmax=['ppchb', 'embzx', 'ppchb', 'ppchb', 'ppchb']
[o4-mini curve r17] correct=anuxi probe_acc=0.60 argmax=['anuxi', 'pmdvb', 'rxphl', 'anuxi', 'anuxi']
[o4-mini curve r18] correct=pbvys probe_acc=0.40 argmax=['pbvys', 'mijci', 'mijci', 'pbvys', 'mijci']
[o4-mini curve r19] correct=przwe probe_acc=0.60 argmax=['przwe', 'cmxhi', 'npnpf', 'przwe', 'przwe']
[o4-mini curve r20] correct=dtqwl probe_acc=0.20 argmax=['dtqwl', 'jizbj', 'jizbj', 'jizbj', 'jizbj']
[o4-mini curve r1] correct=sdkzp probe_acc=0.40 argmax=['sdkzp', 'nxqdq', 'nxqdq', 'nxqdq', 'sdkzp']
[o4-mini curve r2] correct=gclae probe_acc=0.60 argmax=['gclae', 'jmnuu', 'jmnuu', 'gclae', 'gclae']
[o4-mini curve r3] correct=buezs probe_acc=0.40 argmax=['buezs', 'lmxmf', 'buezs', 'lmxmf', 'lmxmf']
[o4-mini curve r4] correct=ifswk probe_acc=0.80 argmax=['ifswk', 'fiyih', 'ifswk', 'ifswk', 'ifswk']
[o4-mini curve r5] correct=dikgh probe_acc=0.80 argmax=['dikgh', 'alzch', 'dikgh', 'dikgh', 'dikgh']
[o4-mini curve r6] correct=qkdzh probe_acc=0.80 argmax=['qkdzh', 'fqtgl', 'qkdzh', 'qkdzh', 'qkdzh']
[o4-mini curve r7] correct=aftfl probe_acc=0.60 argmax=['aftfl', 'dbpas', 'aftfl', 'dbpas', 'aftfl']
[o4-mini curve r8] correct=bsjxt probe_acc=0.40 argmax=['bsjxt', 'pqxdh', 'pqxdh', 'pqxdh', 'bsjxt']
[o4-mini curve r9] correct=lrudp probe_acc=0.60 argmax=['lrudp', 'qnbew', 'lrudp', 'qnbew', 'lrudp']
[o4-mini curve r10] correct=dlmxg probe_acc=0.60 argmax=['dlmxg', 'cedui', 'dlmxg', 'cedui', 'dlmxg']
[o4-mini curve r11] correct=eschy probe_acc=0.40 argmax=['eschy', 'jcdjc', 'jcdjc', 'jcdjc', 'eschy']
[o4-mini curve r12] correct=mnwdo probe_acc=0.60 argmax=['mnwdo', 'jmjfc', 'mnwdo', 'jmjfc', 'mnwdo']
[o4-mini curve r13] correct=efhcp probe_acc=0.60 argmax=['efhcp', 'cluke', 'efhcp', 'cluke', 'efhcp']
[o4-mini curve r14] correct=owebi probe_acc=0.80 argmax=['owebi', 'ijukk', 'owebi', 'owebi', 'owebi']
[o4-mini curve r15] correct=btvax probe_acc=0.80 argmax=['btvax', 'rvmor', 'btvax', 'btvax', 'btvax']
[o4-mini curve r16] correct=kgtqv probe_acc=0.80 argmax=['kgtqv', 'lawsz', 'kgtqv', 'kgtqv', 'kgtqv']
[o4-mini curve r17] correct=izktj probe_acc=0.80 argmax=['izktj', 'jsyak', 'izktj', 'izktj', 'izktj']
[o4-mini curve r18] correct=dhsvy probe_acc=0.20 argmax=['dhsvy', 'jhzyb', 'jhzyb', 'jhzyb', 'jhzyb']
[o4-mini curve r19] correct=fpfwy probe_acc=0.80 argmax=['fpfwy', 'embiw', 'fpfwy', 'fpfwy', 'fpfwy']
[o4-mini curve r20] correct=mwdvi probe_acc=0.40 argmax=['mwdvi', 'alwej', 'mwdvi', 'ofzqd', 'alwej']
API_O4DUEL2_DONE
